// Jest Snapshot v1, https://goo.gl/fbAQLP

exports[`Pruebas en GifItem Debe hacer match con el snapshot 1`] = `
<div>
  <div
    class="col-sm-4"
  >
    <div
      class="card mb-3"
    >
      <img
        alt="Superman"
        class="card-img-top"
        height="200"
        src="https://marvel.com/superman"
        width="214"
      />
      <div
        class="card-body"
        style="width: 214px; height: 250px;"
      >
        <h5
          class="card-title"
        >
          Superman
        </h5>
        <p
          class="card-text"
        >
          Some quick example text to build on the card title and make up the bulk of the card's content.
        </p>
        <button
          class="btn btn-primary"
          style="margin-bottom: 25px;"
        >
          Eliminar
        </button>
      </div>
    </div>
  </div>
</div>
`;
